../Drivers/SYSTEM/STMCubeF4/STM32F4xx-HAL-Driver/src/stm32f4xx_hal_usart.c:226:19:HAL_USART_Init	16	static
../Drivers/SYSTEM/STMCubeF4/STM32F4xx-HAL-Driver/src/stm32f4xx_hal_usart.c:272:19:HAL_USART_DeInit	16	static
../Drivers/SYSTEM/STMCubeF4/STM32F4xx-HAL-Driver/src/stm32f4xx_hal_usart.c:306:14:HAL_USART_MspInit	16	static
../Drivers/SYSTEM/STMCubeF4/STM32F4xx-HAL-Driver/src/stm32f4xx_hal_usart.c:321:14:HAL_USART_MspDeInit	16	static
../Drivers/SYSTEM/STMCubeF4/STM32F4xx-HAL-Driver/src/stm32f4xx_hal_usart.c:404:19:HAL_USART_Transmit	40	static
../Drivers/SYSTEM/STMCubeF4/STM32F4xx-HAL-Driver/src/stm32f4xx_hal_usart.c:485:19:HAL_USART_Receive	40	static
../Drivers/SYSTEM/STMCubeF4/STM32F4xx-HAL-Driver/src/stm32f4xx_hal_usart.c:591:19:HAL_USART_TransmitReceive	40	static
../Drivers/SYSTEM/STMCubeF4/STM32F4xx-HAL-Driver/src/stm32f4xx_hal_usart.c:705:19:HAL_USART_Transmit_IT	24	static
../Drivers/SYSTEM/STMCubeF4/STM32F4xx-HAL-Driver/src/stm32f4xx_hal_usart.c:754:19:HAL_USART_Receive_IT	24	static
../Drivers/SYSTEM/STMCubeF4/STM32F4xx-HAL-Driver/src/stm32f4xx_hal_usart.c:801:19:HAL_USART_TransmitReceive_IT	24	static
../Drivers/SYSTEM/STMCubeF4/STM32F4xx-HAL-Driver/src/stm32f4xx_hal_usart.c:853:19:HAL_USART_Transmit_DMA	32	static
../Drivers/SYSTEM/STMCubeF4/STM32F4xx-HAL-Driver/src/stm32f4xx_hal_usart.c:917:19:HAL_USART_Receive_DMA	32	static
../Drivers/SYSTEM/STMCubeF4/STM32F4xx-HAL-Driver/src/stm32f4xx_hal_usart.c:1010:19:HAL_USART_TransmitReceive_DMA	32	static
../Drivers/SYSTEM/STMCubeF4/STM32F4xx-HAL-Driver/src/stm32f4xx_hal_usart.c:1097:19:HAL_USART_DMAPause	16	static
../Drivers/SYSTEM/STMCubeF4/STM32F4xx-HAL-Driver/src/stm32f4xx_hal_usart.c:1117:19:HAL_USART_DMAResume	16	static
../Drivers/SYSTEM/STMCubeF4/STM32F4xx-HAL-Driver/src/stm32f4xx_hal_usart.c:1137:19:HAL_USART_DMAStop	24	static
../Drivers/SYSTEM/STMCubeF4/STM32F4xx-HAL-Driver/src/stm32f4xx_hal_usart.c:1187:6:HAL_USART_IRQHandler	40	static
../Drivers/SYSTEM/STMCubeF4/STM32F4xx-HAL-Driver/src/stm32f4xx_hal_usart.c:1331:14:HAL_USART_TxCpltCallback	16	static
../Drivers/SYSTEM/STMCubeF4/STM32F4xx-HAL-Driver/src/stm32f4xx_hal_usart.c:1346:14:HAL_USART_TxHalfCpltCallback	16	static
../Drivers/SYSTEM/STMCubeF4/STM32F4xx-HAL-Driver/src/stm32f4xx_hal_usart.c:1361:13:HAL_USART_RxCpltCallback	16	static
../Drivers/SYSTEM/STMCubeF4/STM32F4xx-HAL-Driver/src/stm32f4xx_hal_usart.c:1376:13:HAL_USART_RxHalfCpltCallback	16	static
../Drivers/SYSTEM/STMCubeF4/STM32F4xx-HAL-Driver/src/stm32f4xx_hal_usart.c:1391:13:HAL_USART_TxRxCpltCallback	16	static
../Drivers/SYSTEM/STMCubeF4/STM32F4xx-HAL-Driver/src/stm32f4xx_hal_usart.c:1406:14:HAL_USART_ErrorCallback	16	static
../Drivers/SYSTEM/STMCubeF4/STM32F4xx-HAL-Driver/src/stm32f4xx_hal_usart.c:1444:24:HAL_USART_GetState	16	static
../Drivers/SYSTEM/STMCubeF4/STM32F4xx-HAL-Driver/src/stm32f4xx_hal_usart.c:1455:10:HAL_USART_GetError	16	static
../Drivers/SYSTEM/STMCubeF4/STM32F4xx-HAL-Driver/src/stm32f4xx_hal_usart.c:1469:13:USART_DMATransmitCplt	24	static
../Drivers/SYSTEM/STMCubeF4/STM32F4xx-HAL-Driver/src/stm32f4xx_hal_usart.c:1502:13:USART_DMATxHalfCplt	24	static
../Drivers/SYSTEM/STMCubeF4/STM32F4xx-HAL-Driver/src/stm32f4xx_hal_usart.c:1514:13:USART_DMAReceiveCplt	24	static
../Drivers/SYSTEM/STMCubeF4/STM32F4xx-HAL-Driver/src/stm32f4xx_hal_usart.c:1568:13:USART_DMARxHalfCplt	24	static
../Drivers/SYSTEM/STMCubeF4/STM32F4xx-HAL-Driver/src/stm32f4xx_hal_usart.c:1580:13:USART_DMAError	24	static
../Drivers/SYSTEM/STMCubeF4/STM32F4xx-HAL-Driver/src/stm32f4xx_hal_usart.c:1617:26:USART_WaitOnFlagUntilTimeout	24	static
../Drivers/SYSTEM/STMCubeF4/STM32F4xx-HAL-Driver/src/stm32f4xx_hal_usart.c:1656:13:USART_EndTxTransfer	16	static
../Drivers/SYSTEM/STMCubeF4/STM32F4xx-HAL-Driver/src/stm32f4xx_hal_usart.c:1670:13:USART_EndRxTransfer	16	static
../Drivers/SYSTEM/STMCubeF4/STM32F4xx-HAL-Driver/src/stm32f4xx_hal_usart.c:1686:13:USART_DMAAbortOnError	24	static
../Drivers/SYSTEM/STMCubeF4/STM32F4xx-HAL-Driver/src/stm32f4xx_hal_usart.c:1702:26:USART_Transmit_IT	24	static
../Drivers/SYSTEM/STMCubeF4/STM32F4xx-HAL-Driver/src/stm32f4xx_hal_usart.c:1748:26:USART_EndTransmit_IT	16	static
../Drivers/SYSTEM/STMCubeF4/STM32F4xx-HAL-Driver/src/stm32f4xx_hal_usart.c:1769:26:USART_Receive_IT	24	static
../Drivers/SYSTEM/STMCubeF4/STM32F4xx-HAL-Driver/src/stm32f4xx_hal_usart.c:1841:26:USART_TransmitReceive_IT	24	static
../Drivers/SYSTEM/STMCubeF4/STM32F4xx-HAL-Driver/src/stm32f4xx_hal_usart.c:1944:13:USART_SetConfig	32	static
