../Drivers/SYSTEM/STMCubeF4/STM32F4xx-HAL-Driver/src/stm32f4xx_hal_irda.c:215:19:HAL_IRDA_Init	16	static
../Drivers/SYSTEM/STMCubeF4/STM32F4xx-HAL-Driver/src/stm32f4xx_hal_irda.c:276:19:HAL_IRDA_DeInit	16	static
../Drivers/SYSTEM/STMCubeF4/STM32F4xx-HAL-Driver/src/stm32f4xx_hal_irda.c:312:13:HAL_IRDA_MspInit	16	static
../Drivers/SYSTEM/STMCubeF4/STM32F4xx-HAL-Driver/src/stm32f4xx_hal_irda.c:327:13:HAL_IRDA_MspDeInit	16	static
../Drivers/SYSTEM/STMCubeF4/STM32F4xx-HAL-Driver/src/stm32f4xx_hal_irda.c:399:19:HAL_IRDA_Transmit	40	static
../Drivers/SYSTEM/STMCubeF4/STM32F4xx-HAL-Driver/src/stm32f4xx_hal_irda.c:481:19:HAL_IRDA_Receive	40	static
../Drivers/SYSTEM/STMCubeF4/STM32F4xx-HAL-Driver/src/stm32f4xx_hal_irda.c:566:19:HAL_IRDA_Transmit_IT	24	static
../Drivers/SYSTEM/STMCubeF4/STM32F4xx-HAL-Driver/src/stm32f4xx_hal_irda.c:606:19:HAL_IRDA_Receive_IT	24	static
../Drivers/SYSTEM/STMCubeF4/STM32F4xx-HAL-Driver/src/stm32f4xx_hal_irda.c:650:19:HAL_IRDA_Transmit_DMA	32	static
../Drivers/SYSTEM/STMCubeF4/STM32F4xx-HAL-Driver/src/stm32f4xx_hal_irda.c:714:19:HAL_IRDA_Receive_DMA	32	static
../Drivers/SYSTEM/STMCubeF4/STM32F4xx-HAL-Driver/src/stm32f4xx_hal_irda.c:777:19:HAL_IRDA_DMAPause	24	static
../Drivers/SYSTEM/STMCubeF4/STM32F4xx-HAL-Driver/src/stm32f4xx_hal_irda.c:814:19:HAL_IRDA_DMAResume	24	static
../Drivers/SYSTEM/STMCubeF4/STM32F4xx-HAL-Driver/src/stm32f4xx_hal_irda.c:849:19:HAL_IRDA_DMAStop	24	static
../Drivers/SYSTEM/STMCubeF4/STM32F4xx-HAL-Driver/src/stm32f4xx_hal_irda.c:894:6:HAL_IRDA_IRQHandler	40	static
../Drivers/SYSTEM/STMCubeF4/STM32F4xx-HAL-Driver/src/stm32f4xx_hal_irda.c:1020:13:IRDA_EndTxTransfer	16	static
../Drivers/SYSTEM/STMCubeF4/STM32F4xx-HAL-Driver/src/stm32f4xx_hal_irda.c:1034:13:IRDA_EndRxTransfer	16	static
../Drivers/SYSTEM/STMCubeF4/STM32F4xx-HAL-Driver/src/stm32f4xx_hal_irda.c:1050:13:IRDA_DMAAbortOnError	24	static
../Drivers/SYSTEM/STMCubeF4/STM32F4xx-HAL-Driver/src/stm32f4xx_hal_irda.c:1065:13:HAL_IRDA_TxCpltCallback	16	static
../Drivers/SYSTEM/STMCubeF4/STM32F4xx-HAL-Driver/src/stm32f4xx_hal_irda.c:1080:13:HAL_IRDA_TxHalfCpltCallback	16	static
../Drivers/SYSTEM/STMCubeF4/STM32F4xx-HAL-Driver/src/stm32f4xx_hal_irda.c:1095:13:HAL_IRDA_RxCpltCallback	16	static
../Drivers/SYSTEM/STMCubeF4/STM32F4xx-HAL-Driver/src/stm32f4xx_hal_irda.c:1110:13:HAL_IRDA_RxHalfCpltCallback	16	static
../Drivers/SYSTEM/STMCubeF4/STM32F4xx-HAL-Driver/src/stm32f4xx_hal_irda.c:1125:13:HAL_IRDA_ErrorCallback	16	static
../Drivers/SYSTEM/STMCubeF4/STM32F4xx-HAL-Driver/src/stm32f4xx_hal_irda.c:1161:23:HAL_IRDA_GetState	24	static
../Drivers/SYSTEM/STMCubeF4/STM32F4xx-HAL-Driver/src/stm32f4xx_hal_irda.c:1176:10:HAL_IRDA_GetError	16	static
../Drivers/SYSTEM/STMCubeF4/STM32F4xx-HAL-Driver/src/stm32f4xx_hal_irda.c:1190:13:IRDA_DMATransmitCplt	24	static
../Drivers/SYSTEM/STMCubeF4/STM32F4xx-HAL-Driver/src/stm32f4xx_hal_irda.c:1218:13:IRDA_DMATransmitHalfCplt	24	static
../Drivers/SYSTEM/STMCubeF4/STM32F4xx-HAL-Driver/src/stm32f4xx_hal_irda.c:1230:13:IRDA_DMAReceiveCplt	24	static
../Drivers/SYSTEM/STMCubeF4/STM32F4xx-HAL-Driver/src/stm32f4xx_hal_irda.c:1259:13:IRDA_DMAReceiveHalfCplt	24	static
../Drivers/SYSTEM/STMCubeF4/STM32F4xx-HAL-Driver/src/stm32f4xx_hal_irda.c:1270:13:IRDA_DMAError	24	static
../Drivers/SYSTEM/STMCubeF4/STM32F4xx-HAL-Driver/src/stm32f4xx_hal_irda.c:1306:26:IRDA_WaitOnFlagUntilTimeout	24	static
../Drivers/SYSTEM/STMCubeF4/STM32F4xx-HAL-Driver/src/stm32f4xx_hal_irda.c:1339:26:IRDA_Transmit_IT	24	static
../Drivers/SYSTEM/STMCubeF4/STM32F4xx-HAL-Driver/src/stm32f4xx_hal_irda.c:1387:26:IRDA_EndTransmit_IT	16	static
../Drivers/SYSTEM/STMCubeF4/STM32F4xx-HAL-Driver/src/stm32f4xx_hal_irda.c:1409:26:IRDA_Receive_IT	24	static
../Drivers/SYSTEM/STMCubeF4/STM32F4xx-HAL-Driver/src/stm32f4xx_hal_irda.c:1476:13:IRDA_SetConfig	24	static
