../Drivers/SYSTEM/STMCubeF4/STM32F4xx-HAL-Driver/src/stm32f4xx_hal_rtc_ex.c:158:19:HAL_RTCEx_SetTimeStamp	32	static
../Drivers/SYSTEM/STMCubeF4/STM32F4xx-HAL-Driver/src/stm32f4xx_hal_rtc_ex.c:218:19:HAL_RTCEx_SetTimeStamp_IT	32	static
../Drivers/SYSTEM/STMCubeF4/STM32F4xx-HAL-Driver/src/stm32f4xx_hal_rtc_ex.c:275:19:HAL_RTCEx_DeactivateTimeStamp	24	static
../Drivers/SYSTEM/STMCubeF4/STM32F4xx-HAL-Driver/src/stm32f4xx_hal_rtc_ex.c:319:19:HAL_RTCEx_GetTimeStamp	32	static
../Drivers/SYSTEM/STMCubeF4/STM32F4xx-HAL-Driver/src/stm32f4xx_hal_rtc_ex.c:371:19:HAL_RTCEx_SetTamper	24	static
../Drivers/SYSTEM/STMCubeF4/STM32F4xx-HAL-Driver/src/stm32f4xx_hal_rtc_ex.c:421:19:HAL_RTCEx_SetTamper_IT	24	static
../Drivers/SYSTEM/STMCubeF4/STM32F4xx-HAL-Driver/src/stm32f4xx_hal_rtc_ex.c:491:19:HAL_RTCEx_DeactivateTamper	16	static
../Drivers/SYSTEM/STMCubeF4/STM32F4xx-HAL-Driver/src/stm32f4xx_hal_rtc_ex.c:517:6:HAL_RTCEx_TamperTimeStampIRQHandler	16	static
../Drivers/SYSTEM/STMCubeF4/STM32F4xx-HAL-Driver/src/stm32f4xx_hal_rtc_ex.c:572:13:HAL_RTCEx_TimeStampEventCallback	16	static
../Drivers/SYSTEM/STMCubeF4/STM32F4xx-HAL-Driver/src/stm32f4xx_hal_rtc_ex.c:587:13:HAL_RTCEx_Tamper1EventCallback	16	static
../Drivers/SYSTEM/STMCubeF4/STM32F4xx-HAL-Driver/src/stm32f4xx_hal_rtc_ex.c:602:13:HAL_RTCEx_Tamper2EventCallback	16	static
../Drivers/SYSTEM/STMCubeF4/STM32F4xx-HAL-Driver/src/stm32f4xx_hal_rtc_ex.c:618:19:HAL_RTCEx_PollForTimeStampEvent	24	static
../Drivers/SYSTEM/STMCubeF4/STM32F4xx-HAL-Driver/src/stm32f4xx_hal_rtc_ex.c:661:19:HAL_RTCEx_PollForTamper1Event	24	static
../Drivers/SYSTEM/STMCubeF4/STM32F4xx-HAL-Driver/src/stm32f4xx_hal_rtc_ex.c:697:19:HAL_RTCEx_PollForTamper2Event	24	static
../Drivers/SYSTEM/STMCubeF4/STM32F4xx-HAL-Driver/src/stm32f4xx_hal_rtc_ex.c:752:19:HAL_RTCEx_SetWakeUpTimer	32	static
../Drivers/SYSTEM/STMCubeF4/STM32F4xx-HAL-Driver/src/stm32f4xx_hal_rtc_ex.c:843:19:HAL_RTCEx_SetWakeUpTimer_IT	32	static
../Drivers/SYSTEM/STMCubeF4/STM32F4xx-HAL-Driver/src/stm32f4xx_hal_rtc_ex.c:943:10:HAL_RTCEx_DeactivateWakeUpTimer	24	static
../Drivers/SYSTEM/STMCubeF4/STM32F4xx-HAL-Driver/src/stm32f4xx_hal_rtc_ex.c:998:10:HAL_RTCEx_GetWakeUpTimer	16	static
../Drivers/SYSTEM/STMCubeF4/STM32F4xx-HAL-Driver/src/stm32f4xx_hal_rtc_ex.c:1010:6:HAL_RTCEx_WakeUpTimerIRQHandler	16	static
../Drivers/SYSTEM/STMCubeF4/STM32F4xx-HAL-Driver/src/stm32f4xx_hal_rtc_ex.c:1038:13:HAL_RTCEx_WakeUpTimerEventCallback	16	static
../Drivers/SYSTEM/STMCubeF4/STM32F4xx-HAL-Driver/src/stm32f4xx_hal_rtc_ex.c:1054:19:HAL_RTCEx_PollForWakeUpTimerEvent	24	static
../Drivers/SYSTEM/STMCubeF4/STM32F4xx-HAL-Driver/src/stm32f4xx_hal_rtc_ex.c:1124:6:HAL_RTCEx_BKUPWrite	32	static
../Drivers/SYSTEM/STMCubeF4/STM32F4xx-HAL-Driver/src/stm32f4xx_hal_rtc_ex.c:1147:10:HAL_RTCEx_BKUPRead	24	static
../Drivers/SYSTEM/STMCubeF4/STM32F4xx-HAL-Driver/src/stm32f4xx_hal_rtc_ex.c:1178:19:HAL_RTCEx_SetCoarseCalib	24	static
../Drivers/SYSTEM/STMCubeF4/STM32F4xx-HAL-Driver/src/stm32f4xx_hal_rtc_ex.c:1236:19:HAL_RTCEx_DeactivateCoarseCalib	16	static
../Drivers/SYSTEM/STMCubeF4/STM32F4xx-HAL-Driver/src/stm32f4xx_hal_rtc_ex.c:1301:19:HAL_RTCEx_SetSmoothCalib	32	static
../Drivers/SYSTEM/STMCubeF4/STM32F4xx-HAL-Driver/src/stm32f4xx_hal_rtc_ex.c:1371:19:HAL_RTCEx_SetSynchroShift	32	static
../Drivers/SYSTEM/STMCubeF4/STM32F4xx-HAL-Driver/src/stm32f4xx_hal_rtc_ex.c:1466:19:HAL_RTCEx_SetCalibrationOutPut	16	static
../Drivers/SYSTEM/STMCubeF4/STM32F4xx-HAL-Driver/src/stm32f4xx_hal_rtc_ex.c:1505:19:HAL_RTCEx_DeactivateCalibrationOutPut	16	static
../Drivers/SYSTEM/STMCubeF4/STM32F4xx-HAL-Driver/src/stm32f4xx_hal_rtc_ex.c:1535:19:HAL_RTCEx_SetRefClock	16	static
../Drivers/SYSTEM/STMCubeF4/STM32F4xx-HAL-Driver/src/stm32f4xx_hal_rtc_ex.c:1585:19:HAL_RTCEx_DeactivateRefClock	16	static
../Drivers/SYSTEM/STMCubeF4/STM32F4xx-HAL-Driver/src/stm32f4xx_hal_rtc_ex.c:1637:19:HAL_RTCEx_EnableBypassShadow	16	static
../Drivers/SYSTEM/STMCubeF4/STM32F4xx-HAL-Driver/src/stm32f4xx_hal_rtc_ex.c:1670:19:HAL_RTCEx_DisableBypassShadow	16	static
../Drivers/SYSTEM/STMCubeF4/STM32F4xx-HAL-Driver/src/stm32f4xx_hal_rtc_ex.c:1720:13:HAL_RTCEx_AlarmBEventCallback	16	static
../Drivers/SYSTEM/STMCubeF4/STM32F4xx-HAL-Driver/src/stm32f4xx_hal_rtc_ex.c:1736:19:HAL_RTCEx_PollForAlarmBEvent	24	static
