../Drivers/SYSTEM/STMCubeF4/STM32F4xx-HAL-Driver/src/stm32f4xx_ll_fsmc.c:146:20:FSMC_NORSRAM_Init	24	static
../Drivers/SYSTEM/STMCubeF4/STM32F4xx-HAL-Driver/src/stm32f4xx_ll_fsmc.c:255:19:FSMC_NORSRAM_DeInit	24	static
../Drivers/SYSTEM/STMCubeF4/STM32F4xx-HAL-Driver/src/stm32f4xx_ll_fsmc.c:292:19:FSMC_NORSRAM_Timing_Init	32	static
../Drivers/SYSTEM/STMCubeF4/STM32F4xx-HAL-Driver/src/stm32f4xx_ll_fsmc.c:347:20:FSMC_NORSRAM_Extended_Timing_Init	32	static
../Drivers/SYSTEM/STMCubeF4/STM32F4xx-HAL-Driver/src/stm32f4xx_ll_fsmc.c:413:19:FSMC_NORSRAM_WriteOperation_Enable	16	static
../Drivers/SYSTEM/STMCubeF4/STM32F4xx-HAL-Driver/src/stm32f4xx_ll_fsmc.c:431:19:FSMC_NORSRAM_WriteOperation_Disable	16	static
../Drivers/SYSTEM/STMCubeF4/STM32F4xx-HAL-Driver/src/stm32f4xx_ll_fsmc.c:500:19:FSMC_NAND_Init	24	static
../Drivers/SYSTEM/STMCubeF4/STM32F4xx-HAL-Driver/src/stm32f4xx_ll_fsmc.c:560:19:FSMC_NAND_CommonSpace_Timing_Init	32	static
../Drivers/SYSTEM/STMCubeF4/STM32F4xx-HAL-Driver/src/stm32f4xx_ll_fsmc.c:614:19:FSMC_NAND_AttributeSpace_Timing_Init	32	static
../Drivers/SYSTEM/STMCubeF4/STM32F4xx-HAL-Driver/src/stm32f4xx_ll_fsmc.c:666:19:FSMC_NAND_DeInit	16	static
../Drivers/SYSTEM/STMCubeF4/STM32F4xx-HAL-Driver/src/stm32f4xx_ll_fsmc.c:717:20:FSMC_NAND_ECC_Enable	16	static
../Drivers/SYSTEM/STMCubeF4/STM32F4xx-HAL-Driver/src/stm32f4xx_ll_fsmc.c:738:19:FSMC_NAND_ECC_Disable	16	static
../Drivers/SYSTEM/STMCubeF4/STM32F4xx-HAL-Driver/src/stm32f4xx_ll_fsmc.c:761:19:FSMC_NAND_GetECC	32	static
../Drivers/SYSTEM/STMCubeF4/STM32F4xx-HAL-Driver/src/stm32f4xx_ll_fsmc.c:855:19:FSMC_PCCARD_Init	24	static
../Drivers/SYSTEM/STMCubeF4/STM32F4xx-HAL-Driver/src/stm32f4xx_ll_fsmc.c:889:19:FSMC_PCCARD_CommonSpace_Timing_Init	24	static
../Drivers/SYSTEM/STMCubeF4/STM32F4xx-HAL-Driver/src/stm32f4xx_ll_fsmc.c:923:19:FSMC_PCCARD_AttributeSpace_Timing_Init	24	static
../Drivers/SYSTEM/STMCubeF4/STM32F4xx-HAL-Driver/src/stm32f4xx_ll_fsmc.c:957:19:FSMC_PCCARD_IOSpace_Timing_Init	24	static
../Drivers/SYSTEM/STMCubeF4/STM32F4xx-HAL-Driver/src/stm32f4xx_ll_fsmc.c:990:19:FSMC_PCCARD_DeInit	16	static
