14:43:47 **** Incremental Build of configuration Debug for project uC - project - novo ****
make -j8 all 
arm-none-eabi-gcc "../Core/APP/app.c" -mcpu=cortex-m4 -std=gnu11 -g3 -DDEBUG -DUSE_HAL_DRIVER -DSTM32F407xx -c -I"C:/Users/Visita/Downloads/Modelo-ucOS3/SYSTEM" -I"C:/Users/Visita/Downloads/Modelo-ucOS3/SYSTEM/STMCubeF4/CMSIS" -I"C:/Users/Visita/Downloads/Modelo-ucOS3/SYSTEM/STMCubeF4/STM32F4xx-HAL-Driver/inc" -I"C:/Users/Visita/Downloads/Modelo-ucOS3/SYSTEM/STMCubeF4/STM32F4xx-HAL-Driver/inc/Legacy" -I"C:/Users/Visita/Downloads/Modelo-ucOS3/uC-CPU" -I"C:/Users/Visita/Downloads/Modelo-ucOS3/uC-CPU/ARM-Cortex-M/ARMv7-M/GNU" -I"C:/Users/Visita/Downloads/Modelo-ucOS3/uC-LIB" -I"C:/Users/Visita/Downloads/Modelo-ucOS3/uC-LIB/Cfg/Template" -I"C:/Users/Visita/Downloads/Modelo-ucOS3/uC-OS3/Ports/ARM-Cortex-M/ARMv7-M/GNU" -I"C:/Users/Visita/Downloads/Modelo-ucOS3/uC-OS3/Source" -I"C:/Users/Visita/Downloads/Modelo-ucOS3/uC-LIB/Ports/ARM-Cortex-M4/GNU" -I../Drivers/STM32F4xx_HAL_Driver/Inc -I../Drivers/STM32F4xx_HAL_Driver/Inc/Legacy -I../Drivers/CMSIS/Device/ST/STM32F4xx/Include -I../Drivers/CMSIS/Include -I"C:/Users/Visita/Documents/uC-tutorial/uC - project - novo/Core/BSP" -I"C:/Users/Visita/Documents/uC-tutorial/uC - project - novo/Core/APP/config" -I../Core/Inc -O0 -ffunction-sections -fdata-sections -Wall -fstack-usage -fcyclomatic-complexity -MMD -MP -MF"Core/APP/app.d" -MT"Core/APP/app.o" --specs=nano.specs -mfpu=fpv4-sp-d16 -mfloat-abi=hard -mthumb -o "Core/APP/app.o"
../Core/APP/app.c: In function 'main':
../Core/APP/app.c:46:5: warning: implicit declaration of function 'SystemClock_Config'; did you mean 'SysTick_Config'? [-Wimplicit-function-declaration]
   46 |     SystemClock_Config();
      |     ^~~~~~~~~~~~~~~~~~
      |     SysTick_Config
../Core/APP/app.c: In function 'initialTask':
../Core/APP/app.c:80:5: warning: implicit declaration of function 'MX_GPIO_Init'; did you mean 'HAL_GPIO_Init'? [-Wimplicit-function-declaration]
   80 |     MX_GPIO_Init();
      |     ^~~~~~~~~~~~
      |     HAL_GPIO_Init
../Core/APP/app.c:81:5: warning: implicit declaration of function 'MX_DAC_Init'; did you mean 'HAL_DAC_Init'? [-Wimplicit-function-declaration]
   81 |     MX_DAC_Init();
      |     ^~~~~~~~~~~
      |     HAL_DAC_Init
arm-none-eabi-gcc -o "uC - project - novo.elf" @"objects.list"   -mcpu=cortex-m4 -T"C:\Users\Visita\Documents\uC-tutorial\uC - project - novo\STM32F407VGTX_FLASH.ld" --specs=nosys.specs -Wl,-Map="uC - project - novo.map" -Wl,--gc-sections -static --specs=nano.specs -mfpu=fpv4-sp-d16 -mfloat-abi=hard -mthumb -Wl,--start-group -lc -lm -Wl,--end-group
C:/ST/STM32CubeIDE_1.15.1/STM32CubeIDE/plugins/com.st.stm32cube.ide.mcu.externaltools.gnu-tools-for-stm32.12.3.rel1.win32_1.0.200.202406191623/tools/bin/../lib/gcc/arm-none-eabi/12.3.1/../../../../arm-none-eabi/bin/ld.exe: C:/ST/STM32CubeIDE_1.15.1/STM32CubeIDE/plugins/com.st.stm32cube.ide.mcu.externaltools.gnu-tools-for-stm32.12.3.rel1.win32_1.0.200.202406191623/tools/bin/../lib/gcc/arm-none-eabi/12.3.1/../../../../arm-none-eabi/lib/thumb/v7e-m+fp/hard\libc_nano.a(libc_a-closer.o): in function `_close_r':
(.text._close_r+0xc): warning: _close is not implemented and will always fail
C:/ST/STM32CubeIDE_1.15.1/STM32CubeIDE/plugins/com.st.stm32cube.ide.mcu.externaltools.gnu-tools-for-stm32.12.3.rel1.win32_1.0.200.202406191623/tools/bin/../lib/gcc/arm-none-eabi/12.3.1/../../../../arm-none-eabi/bin/ld.exe: C:/ST/STM32CubeIDE_1.15.1/STM32CubeIDE/plugins/com.st.stm32cube.ide.mcu.externaltools.gnu-tools-for-stm32.12.3.rel1.win32_1.0.200.202406191623/tools/bin/../lib/gcc/arm-none-eabi/12.3.1/../../../../arm-none-eabi/lib/thumb/v7e-m+fp/hard\libc_nano.a(libc_a-lseekr.o): in function `_lseek_r':
(.text._lseek_r+0x10): warning: _lseek is not implemented and will always fail
C:/ST/STM32CubeIDE_1.15.1/STM32CubeIDE/plugins/com.st.stm32cube.ide.mcu.externaltools.gnu-tools-for-stm32.12.3.rel1.win32_1.0.200.202406191623/tools/bin/../lib/gcc/arm-none-eabi/12.3.1/../../../../arm-none-eabi/bin/ld.exe: C:/ST/STM32CubeIDE_1.15.1/STM32CubeIDE/plugins/com.st.stm32cube.ide.mcu.externaltools.gnu-tools-for-stm32.12.3.rel1.win32_1.0.200.202406191623/tools/bin/../lib/gcc/arm-none-eabi/12.3.1/../../../../arm-none-eabi/lib/thumb/v7e-m+fp/hard\libc_nano.a(libc_a-readr.o): in function `_read_r':
(.text._read_r+0x10): warning: _read is not implemented and will always fail
C:/ST/STM32CubeIDE_1.15.1/STM32CubeIDE/plugins/com.st.stm32cube.ide.mcu.externaltools.gnu-tools-for-stm32.12.3.rel1.win32_1.0.200.202406191623/tools/bin/../lib/gcc/arm-none-eabi/12.3.1/../../../../arm-none-eabi/bin/ld.exe: C:/ST/STM32CubeIDE_1.15.1/STM32CubeIDE/plugins/com.st.stm32cube.ide.mcu.externaltools.gnu-tools-for-stm32.12.3.rel1.win32_1.0.200.202406191623/tools/bin/../lib/gcc/arm-none-eabi/12.3.1/../../../../arm-none-eabi/lib/thumb/v7e-m+fp/hard\libc_nano.a(libc_a-writer.o): in function `_write_r':
(.text._write_r+0x10): warning: _write is not implemented and will always fail
Finished building target: uC - project - novo.elf
 
arm-none-eabi-size  uC\ -\ project\ -\ novo.elf 
arm-none-eabi-objdump -h -S uC\ -\ project\ -\ novo.elf  > "uC - project - novo.list"
   text	   data	    bss	    dec	    hex	filename
  17764	     20	   7252	  25036	   61cc	uC - project - novo.elf
Finished building: default.size.stdout
 
Finished building: uC - project - novo.list
 

14:43:50 Build Finished. 0 errors, 7 warnings. (took 3s.325ms)

