14:32:11 **** Incremental Build of configuration Debug for project uC - project ****
make -j8 all 
arm-none-eabi-gcc "../Core/BSP/stm32f4_discovery.c" -mcpu=cortex-m4 -std=gnu11 -g3 -DDEBUG -DUSE_HAL_DRIVER -DSTM32F407xx -c -I"C:/Users/Visita/Downloads/Modelo-ucOS3/SYSTEM" -I"C:/Users/Visita/Downloads/Modelo-ucOS3/SYSTEM/STMCubeF4/CMSIS" -I"C:/Users/Visita/Downloads/Modelo-ucOS3/SYSTEM/STMCubeF4/STM32F4xx-HAL-Driver/inc" -I"C:/Users/Visita/Downloads/Modelo-ucOS3/SYSTEM/STMCubeF4/STM32F4xx-HAL-Driver/inc/Legacy" -I"C:/Users/Visita/Downloads/Modelo-ucOS3/uC-CPU" -I"C:/Users/Visita/Downloads/Modelo-ucOS3/uC-CPU/ARM-Cortex-M/ARMv7-M/GNU" -I"C:/Users/Visita/Downloads/Modelo-ucOS3/uC-LIB" -I"C:/Users/Visita/Downloads/Modelo-ucOS3/uC-LIB/Cfg/Template" -I"C:/Users/Visita/Downloads/Modelo-ucOS3/uC-OS3/Ports/ARM-Cortex-M/ARMv7-M/GNU" -I"C:/Users/Visita/Downloads/Modelo-ucOS3/uC-OS3/Source" -I"C:/Users/Visita/Downloads/Modelo-ucOS3/uC-LIB/Ports/ARM-Cortex-M4/GNU" -I"C:/Users/Visita/Documents/uC-tutorial/uC - project/Core/APP/config" -I"C:/Users/Visita/Documents/uC-tutorial/uC - project/Core/BSP" -O0 -ffunction-sections -fdata-sections -Wall -fstack-usage -fcyclomatic-complexity -MMD -MP -MF"Core/BSP/stm32f4_discovery.d" -MT"Core/BSP/stm32f4_discovery.o" --specs=nano.specs -mfpu=fpv4-sp-d16 -mfloat-abi=hard -mthumb -o "Core/BSP/stm32f4_discovery.o"
arm-none-eabi-gcc "../Core/APP/main.c" -mcpu=cortex-m4 -std=gnu11 -g3 -DDEBUG -DUSE_HAL_DRIVER -DSTM32F407xx -c -I"C:/Users/Visita/Downloads/Modelo-ucOS3/SYSTEM" -I"C:/Users/Visita/Downloads/Modelo-ucOS3/SYSTEM/STMCubeF4/CMSIS" -I"C:/Users/Visita/Downloads/Modelo-ucOS3/SYSTEM/STMCubeF4/STM32F4xx-HAL-Driver/inc" -I"C:/Users/Visita/Downloads/Modelo-ucOS3/SYSTEM/STMCubeF4/STM32F4xx-HAL-Driver/inc/Legacy" -I"C:/Users/Visita/Downloads/Modelo-ucOS3/uC-CPU" -I"C:/Users/Visita/Downloads/Modelo-ucOS3/uC-CPU/ARM-Cortex-M/ARMv7-M/GNU" -I"C:/Users/Visita/Downloads/Modelo-ucOS3/uC-LIB" -I"C:/Users/Visita/Downloads/Modelo-ucOS3/uC-LIB/Cfg/Template" -I"C:/Users/Visita/Downloads/Modelo-ucOS3/uC-OS3/Ports/ARM-Cortex-M/ARMv7-M/GNU" -I"C:/Users/Visita/Downloads/Modelo-ucOS3/uC-OS3/Source" -I"C:/Users/Visita/Downloads/Modelo-ucOS3/uC-LIB/Ports/ARM-Cortex-M4/GNU" -I"C:/Users/Visita/Documents/uC-tutorial/uC - project/Core/APP/config" -I"C:/Users/Visita/Documents/uC-tutorial/uC - project/Core/BSP" -O0 -ffunction-sections -fdata-sections -Wall -fstack-usage -fcyclomatic-complexity -MMD -MP -MF"Core/APP/main.d" -MT"Core/APP/main.o" --specs=nano.specs -mfpu=fpv4-sp-d16 -mfloat-abi=hard -mthumb -o "Core/APP/main.o"
../Core/APP/main.c: In function 'Task2':
../Core/APP/main.c:158:12: warning: variable 'ts_delta' set but not used [-Wunused-but-set-variable]
  158 |     CPU_TS ts_delta;
      |            ^~~~~~~~
arm-none-eabi-gcc -o "uC - project.elf" @"objects.list"   -mcpu=cortex-m4 -T"C:\Users\Visita\Documents\uC-tutorial\uC - project\STM32F407VGTX_FLASH.ld" --specs=nosys.specs -Wl,-Map="uC - project.map" -Wl,--gc-sections -static --specs=nano.specs -mfpu=fpv4-sp-d16 -mfloat-abi=hard -mthumb -Wl,--start-group -lc -lm -Wl,--end-group
C:/ST/STM32CubeIDE_1.15.1/STM32CubeIDE/plugins/com.st.stm32cube.ide.mcu.externaltools.gnu-tools-for-stm32.12.3.rel1.win32_1.0.200.202406191623/tools/bin/../lib/gcc/arm-none-eabi/12.3.1/../../../../arm-none-eabi/bin/ld.exe: C:/ST/STM32CubeIDE_1.15.1/STM32CubeIDE/plugins/com.st.stm32cube.ide.mcu.externaltools.gnu-tools-for-stm32.12.3.rel1.win32_1.0.200.202406191623/tools/bin/../lib/gcc/arm-none-eabi/12.3.1/../../../../arm-none-eabi/lib/thumb/v7e-m+fp/hard\libc_nano.a(libc_a-closer.o): in function `_close_r':
(.text._close_r+0xc): warning: _close is not implemented and will always fail
C:/ST/STM32CubeIDE_1.15.1/STM32CubeIDE/plugins/com.st.stm32cube.ide.mcu.externaltools.gnu-tools-for-stm32.12.3.rel1.win32_1.0.200.202406191623/tools/bin/../lib/gcc/arm-none-eabi/12.3.1/../../../../arm-none-eabi/bin/ld.exe: C:/ST/STM32CubeIDE_1.15.1/STM32CubeIDE/plugins/com.st.stm32cube.ide.mcu.externaltools.gnu-tools-for-stm32.12.3.rel1.win32_1.0.200.202406191623/tools/bin/../lib/gcc/arm-none-eabi/12.3.1/../../../../arm-none-eabi/lib/thumb/v7e-m+fp/hard\libc_nano.a(libc_a-lseekr.o): in function `_lseek_r':
(.text._lseek_r+0x10): warning: _lseek is not implemented and will always fail
C:/ST/STM32CubeIDE_1.15.1/STM32CubeIDE/plugins/com.st.stm32cube.ide.mcu.externaltools.gnu-tools-for-stm32.12.3.rel1.win32_1.0.200.202406191623/tools/bin/../lib/gcc/arm-none-eabi/12.3.1/../../../../arm-none-eabi/bin/ld.exe: C:/ST/STM32CubeIDE_1.15.1/STM32CubeIDE/plugins/com.st.stm32cube.ide.mcu.externaltools.gnu-tools-for-stm32.12.3.rel1.win32_1.0.200.202406191623/tools/bin/../lib/gcc/arm-none-eabi/12.3.1/../../../../arm-none-eabi/lib/thumb/v7e-m+fp/hard\libc_nano.a(libc_a-readr.o): in function `_read_r':
(.text._read_r+0x10): warning: _read is not implemented and will always fail
C:/ST/STM32CubeIDE_1.15.1/STM32CubeIDE/plugins/com.st.stm32cube.ide.mcu.externaltools.gnu-tools-for-stm32.12.3.rel1.win32_1.0.200.202406191623/tools/bin/../lib/gcc/arm-none-eabi/12.3.1/../../../../arm-none-eabi/bin/ld.exe: C:/ST/STM32CubeIDE_1.15.1/STM32CubeIDE/plugins/com.st.stm32cube.ide.mcu.externaltools.gnu-tools-for-stm32.12.3.rel1.win32_1.0.200.202406191623/tools/bin/../lib/gcc/arm-none-eabi/12.3.1/../../../../arm-none-eabi/lib/thumb/v7e-m+fp/hard\libc_nano.a(libc_a-writer.o): in function `_write_r':
(.text._write_r+0x10): warning: _write is not implemented and will always fail
Finished building target: uC - project.elf
 
arm-none-eabi-size  uC\ -\ project.elf 
arm-none-eabi-objdump -h -S uC\ -\ project.elf  > "uC - project.list"
   text	   data	    bss	    dec	    hex	filename
  18388	     20	   7428	  25836	   64ec	uC - project.elf
Finished building: default.size.stdout
 
Finished building: uC - project.list
 

14:32:12 Build Finished. 0 errors, 5 warnings. (took 1s.153ms)

